Logging in...
Logged in.
Ensuring MackInsights Supplier exists...
Ensuring Project MACK_TEST_PROJ exists...
Ensuring US Survey Mapping exists...

--- TESTING STATUS: COMPLETE ---
Step 1: Inbound Track (uid=MACK_USER_complete_209)...
Step 2: Extracted oi_session: e050f9c6-7c7b-4bde-ad69-d31010aee10d
Step 3: Simulating Client complete Callback...
Step 4: Final Vendor Redirect: https://dashboard.mackinsights.com/redirect/complete?pid=MACK_TEST_PROJ&uid=MACK_USER_complete_209
Γ£à SUCCESS: complete redirect correctly replaced all placeholders.

--- TESTING STATUS: TERMINATE ---
Step 1: Inbound Track (uid=MACK_USER_terminate_399)...
Step 2: Extracted oi_session: 7ae28b54-5c36-4db5-8cfe-8fa0a28c1b06
Step 3: Simulating Client terminate Callback...
Step 4: Final Vendor Redirect: https://dashboard.mackinsights.com/redirect/terminate?pid=MACK_TEST_PROJ&uid=MACK_USER_terminate_399
Γ£à SUCCESS: terminate redirect correctly replaced all placeholders.

--- TESTING STATUS: QUOTAFULL ---
Step 1: Inbound Track (uid=MACK_USER_quotafull_805)...
Step 2: Extracted oi_session: 67bcdcd0-5d17-4a5d-8356-8e8420bde816
Step 3: Simulating Client quotafull Callback...
Step 4: Final Vendor Redirect: https://dashboard.mackinsights.com/redirect/quotafull?pid=MACK_TEST_PROJ&uid=MACK_USER_quotafull_805
Γ£à SUCCESS: quotafull redirect correctly replaced all placeholders.

--- VERIFYING PERSISTENCE ---
node : SyntaxError: Unexpected token '<', "<!DOCTYPE "... 
is not valid JSON
At line:1 char:1
+ node test_mack_flow.js > test_output.txt 2>&1
+ ~~~~~~~~~~~~~~~~~~~~~~~~~~~~~~~~~~~~~~~~~~~~~
    + CategoryInfo          : NotSpecified: (SyntaxError: U 
   n... not valid JSON:String) [], RemoteException
    + FullyQualifiedErrorId : NativeCommandError
 
    at JSON.parse (<anonymous>)
    at parseJSONFromBytes 
(node:internal/deps/undici/undici:4255:19)
    at successSteps 
(node:internal/deps/undici/undici:6902:27)
    at readAllBytes 
(node:internal/deps/undici/undici:5825:13)
    at process.processTicksAndRejections 
(node:internal/process/task_queues:104:5)
